Flutter crash report.
Please report a bug at https://github.com/flutter/flutter/issues.

## command

flutter --verbose assemble --no-version-check --depfile /Users/shevchyk/projects/private/oktopus/web/build/app/intermediates/flutter/debug/flutter_build.d --output /Users/shevchyk/projects/private/oktopus/web/build/app/intermediates/flutter/debug -dTargetFile=/Users/shevchyk/projects/private/oktopus/web/lib/main.dart -dTargetPlatform=android -dBuildMode=debug -dTrackWidgetCreation=true --DartDefines=Zmx1dHRlci5pbnNwZWN0b3Iuc3RydWN0dXJlZEVycm9ycz10cnVl,RkxVVFRFUl9WRVJTSU9OPTMuMzIuNQ==,RkxVVFRFUl9DSEFOTkVMPXN0YWJsZQ==,RkxVVFRFUl9HSVRfVVJMPWh0dHBzOi8vZ2l0aHViLmNvbS9mbHV0dGVyL2ZsdXR0ZXIuZ2l0,RkxVVFRFUl9GUkFNRVdPUktfUkVWSVNJT049ZmNmMmMxMTU3Mg==,RkxVVFRFUl9FTkdJTkVfUkVWSVNJT049ZGQ5M2RlNmZiMQ==,RkxVVFRFUl9EQVJUX1ZFUlNJT049My44LjE= -dFlavor= -dAndroidArchs=android-arm64 -dMinSdkVersion=21 debug_android_application

## exception

_TypeError: Null check operator used on a null value

```
#0      DartBuild.build (package:flutter_tools/src/build_system/targets/native_assets.dart:51:27)
<asynchronous suspension>
#1      _BuildInstance._invokeInternal (package:flutter_tools/src/build_system/build_system.dart:873:9)
<asynchronous suspension>
#2      Future.wait.<anonymous closure> (dart:async/future.dart:525:21)
<asynchronous suspension>
#3      _BuildInstance.invokeTarget (package:flutter_tools/src/build_system/build_system.dart:811:32)
<asynchronous suspension>
#4      Future.wait.<anonymous closure> (dart:async/future.dart:525:21)
<asynchronous suspension>
#5      _BuildInstance.invokeTarget (package:flutter_tools/src/build_system/build_system.dart:811:32)
<asynchronous suspension>
#6      FlutterBuildSystem.build (package:flutter_tools/src/build_system/build_system.dart:629:16)
<asynchronous suspension>
#7      AssembleCommand.runCommand (package:flutter_tools/src/commands/assemble.dart:346:32)
<asynchronous suspension>
#8      FlutterCommand.run.<anonymous closure> (package:flutter_tools/src/runner/flutter_command.dart:1563:27)
<asynchronous suspension>
#9      AppContext.run.<anonymous closure> (package:flutter_tools/src/base/context.dart:154:19)
<asynchronous suspension>
#10     CommandRunner.runCommand (package:args/command_runner.dart:212:13)
<asynchronous suspension>
#11     FlutterCommandRunner.runCommand.<anonymous closure> (package:flutter_tools/src/runner/flutter_command_runner.dart:494:9)
<asynchronous suspension>
#12     AppContext.run.<anonymous closure> (package:flutter_tools/src/base/context.dart:154:19)
<asynchronous suspension>
#13     FlutterCommandRunner.runCommand (package:flutter_tools/src/runner/flutter_command_runner.dart:431:5)
<asynchronous suspension>
#14     run.<anonymous closure>.<anonymous closure> (package:flutter_tools/runner.dart:98:11)
<asynchronous suspension>
#15     AppContext.run.<anonymous closure> (package:flutter_tools/src/base/context.dart:154:19)
<asynchronous suspension>
#16     main (package:flutter_tools/executable.dart:102:3)
<asynchronous suspension>
```

## flutter doctor

```
[✓] Flutter (Channel stable, 3.32.5, on macOS 26.3.1 25D771280a darwin-arm64, locale en-US) [644ms]
    • Flutter version 3.32.5 on channel stable at /Users/shevchyk/development/flutter
    • Upstream repository https://github.com/flutter/flutter.git
    • Framework revision fcf2c11572 (10 months ago), 2025-06-24 11:44:07 -0700
    • Engine revision dd93de6fb1
    • Dart version 3.8.1
    • DevTools version 2.45.1

[✓] Android toolchain - develop for Android devices (Android SDK version 36.0.0) [1,575ms]
    • Android SDK at /Users/shevchyk/Library/Android/sdk
    • Platform android-36, build-tools 36.0.0
    • ANDROID_HOME = /Users/shevchyk/Library/Android/sdk
    • Java binary at: /opt/homebrew/opt/openjdk@21/bin/java
      This JDK is specified in your Flutter configuration.
      To change the current JDK, run: `flutter config --jdk-dir="path/to/jdk"`.
    • Java version OpenJDK Runtime Environment Homebrew (build 21.0.7)
    • All Android licenses accepted.

[✓] Xcode - develop for iOS and macOS (Xcode 26.4) [1,152ms]
    • Xcode at /Applications/Xcode.app/Contents/Developer
    • Build 17E192
    • CocoaPods version 1.16.2

[✓] Chrome - develop for the web [109ms]
    • Chrome at /Applications/Google Chrome.app/Contents/MacOS/Google Chrome

[✓] Android Studio (version 2025.1) [108ms]
    • Android Studio at /Applications/Android Studio.app/Contents
    • Flutter plugin can be installed from:
      🔨 https://plugins.jetbrains.com/plugin/9212-flutter
    • Dart plugin can be installed from:
      🔨 https://plugins.jetbrains.com/plugin/6351-dart
    • Java version OpenJDK Runtime Environment (build 21.0.6+-13391695-b895.109)

[✓] IntelliJ IDEA Ultimate Edition (version 2026.1) [107ms]
    • IntelliJ at /Applications/IntelliJ IDEA.app
    • Flutter plugin version 90.0.0
    • Dart plugin version 503.0.0

[✓] Connected device (5 available) [6.4s]
    • 23116PN5BC (mobile)                  • 7de30201                             • android-arm64  • Android 16 (API 36)
    • iPhone (Виталия) (wireless) (mobile) • 00008120-001221011E12201E            • ios            • iOS 26.3.1 23D8133
    • iPhone 16 Pro Max (mobile)           • 09021E1A-BC6A-4D86-A2EA-06A5894E4AEC • ios            • com.apple.CoreSimulator.SimRuntime.iOS-18-5 (simulator)
    • macOS (desktop)                      • macos                                • darwin-arm64   • macOS 26.3.1 25D771280a darwin-arm64
    • Chrome (web)                         • chrome                               • web-javascript • Google Chrome 147.0.7727.102
    ! Error: Browsing on the local area network for Apple Watch — Виталия. Ensure the device is unlocked and discoverable via Bluetooth. (code -27)

[✓] Network resources [268ms]
    • All expected network resources are available.

• No issues found!
```
